
> frontend@0.1.0 build
> craco build

node.exe : [baseline-brow
ser-mapping] The data in 
this module is over two 
months old.  To ensure 
accurate Baseline data, 
please update: `npm i bas
eline-browser-mapping@lat
est -D`
At line:1 char:1
+ & "C:\Program 
Files\nodejs/node.exe" 
"C:\Program 
Files\nodejs/node_mo ...
+ ~~~~~~~~~~~~~~~~~~~~~~~
~~~~~~~~~~~~~~~~~~~~~~~~~
~~~~~~~~~~~~~~~~~~~~~
    + CategoryInfo       
       : NotSpecified:   
  ([baseline-brows...p   
 ing@latest -D`:Strin    
g) [], RemoteExcepti    
on
    + FullyQualifiedErro 
   rId : NativeCommandE  
  rror
 
node:internal/modules/cjs
/loader:1421
  const err = new 
Error(message);
              ^

Error: Cannot find 
module 'ajv/dist/compile/
codegen'
Require stack:
- D:\antigtavityyy\BMI-SI
TE\frontend\node_modules\
ajv-keywords\dist\definit
ions\typeof.js
- D:\antigtavityyy\BMI-SI
TE\frontend\node_modules\
ajv-keywords\dist\keyword
s\typeof.js
- D:\antigtavityyy\BMI-SI
TE\frontend\node_modules\
ajv-keywords\dist\keyword
s\index.js
- D:\antigtavityyy\BMI-SI
TE\frontend\node_modules\
ajv-keywords\dist\index.j
s
- D:\antigtavityyy\BMI-SI
TE\frontend\node_modules\
schema-utils\dist\validat
e.js
- D:\antigtavityyy\BMI-SI
TE\frontend\node_modules\
schema-utils\dist\index.j
s
- D:\antigtavityyy\BMI-SI
TE\frontend\node_modules\
terser-webpack-plugin\dis
t\index.js
- D:\antigtavityyy\BMI-SI
TE\frontend\node_modules\
react-scripts\config\webp
ack.config.js
- D:\antigtavityyy\BMI-SI
TE\frontend\node_modules\
@craco\craco\dist\lib\cra
.js
- D:\antigtavityyy\BMI-SI
TE\frontend\node_modules\
@craco\craco\dist\scripts
\build.js
    at 
Module._resolveFilename (
node:internal/modules/cjs
/loader:1421:15)
    at 
defaultResolveImpl (node:
internal/modules/cjs/load
er:1059:19)
    at 
resolveForCJSWithHooks (n
ode:internal/modules/cjs/
loader:1064:22)
    at Module._load (node
:internal/modules/cjs/loa
der:1227:37)
    at 
TracingChannel.traceSync 
(node:diagnostics_channel
:328:14)
    at wrapModuleLoad (no
de:internal/modules/cjs/l
oader:245:24)
    at Module.require (no
de:internal/modules/cjs/l
oader:1504:12)
    at require (node:inte
rnal/modules/helpers:152:
16)
    at 
Object.<anonymous> (D:\an
tigtavityyy\BMI-SITE\fron
tend\node_modules\ajv-key
words\dist\definitions\ty
peof.js:3:19)
    at Module._compile (n
ode:internal/modules/cjs/
loader:1761:14) {
  code: 
'MODULE_NOT_FOUND',
  requireStack: [
    'D:\\antigtavityyy\\B
MI-SITE\\frontend\\node_m
odules\\ajv-keywords\\dis
t\\definitions\\typeof.js
',
    'D:\\antigtavityyy\\B
MI-SITE\\frontend\\node_m
odules\\ajv-keywords\\dis
t\\keywords\\typeof.js',
    'D:\\antigtavityyy\\B
MI-SITE\\frontend\\node_m
odules\\ajv-keywords\\dis
t\\keywords\\index.js',
    'D:\\antigtavityyy\\B
MI-SITE\\frontend\\node_m
odules\\ajv-keywords\\dis
t\\index.js',
    'D:\\antigtavityyy\\B
MI-SITE\\frontend\\node_m
odules\\schema-utils\\dis
t\\validate.js',
    'D:\\antigtavityyy\\B
MI-SITE\\frontend\\node_m
odules\\schema-utils\\dis
t\\index.js',
    'D:\\antigtavityyy\\B
MI-SITE\\frontend\\node_m
odules\\terser-webpack-pl
ugin\\dist\\index.js',
    'D:\\antigtavityyy\\B
MI-SITE\\frontend\\node_m
odules\\react-scripts\\co
nfig\\webpack.config.js',
    'D:\\antigtavityyy\\B
MI-SITE\\frontend\\node_m
odules\\@craco\\craco\\di
st\\lib\\cra.js',
    'D:\\antigtavityyy\\B
MI-SITE\\frontend\\node_m
odules\\@craco\\craco\\di
st\\scripts\\build.js'
  ]
}

Node.js v24.13.0
